\BOOKMARK [1][-]{section.1}{\376\377\000S\000y\000s\000t\000e\000m\000\040\000O\000v\000e\000r\000v\000i\000e\000w}{}% 1
\BOOKMARK [2][-]{subsection.1.1}{\376\377\000P\000u\000r\000p\000o\000s\000e\000\040\000a\000n\000d\000\040\000C\000a\000p\000a\000b\000i\000l\000i\000t\000i\000e\000s}{section.1}% 2
\BOOKMARK [3][-]{subsubsection.1.1.1}{\376\377\000T\000r\000a\000n\000s\000a\000c\000t\000i\000o\000n\000a\000l\000\040\000M\000o\000d\000e\000l}{subsection.1.1}% 3
\BOOKMARK [3][-]{subsubsection.1.1.2}{\376\377\000C\000o\000n\000c\000u\000r\000r\000e\000n\000c\000y\000\040\000C\000o\000n\000t\000r\000o\000l}{subsection.1.1}% 4
\BOOKMARK [3][-]{subsubsection.1.1.3}{\376\377\000G\000a\000r\000b\000a\000g\000e\000\040\000C\000o\000l\000l\000e\000c\000t\000i\000o\000n}{subsection.1.1}% 5
\BOOKMARK [3][-]{subsubsection.1.1.4}{\376\377\000D\000u\000r\000a\000b\000i\000l\000i\000t\000y}{subsection.1.1}% 6
\BOOKMARK [2][-]{subsection.1.2}{\376\377\000A\000r\000c\000h\000i\000t\000e\000c\000t\000u\000r\000a\000l\000\040\000L\000a\000y\000e\000r\000s}{section.1}% 7
\BOOKMARK [1][-]{section.2}{\376\377\000D\000a\000t\000a\000s\000t\000r\000u\000c\000t\000u\000r\000e\000\040\000C\000h\000a\000n\000g\000e\000s}{}% 8
\BOOKMARK [2][-]{subsection.2.1}{\376\377\000L\000e\000a\000f\000\040\000P\000a\000g\000e\000\040\000L\000a\000y\000o\000u\000t}{section.2}% 9
\BOOKMARK [3][-]{subsubsection.2.1.1}{\376\377\000P\000r\000o\000b\000l\000e\000m}{subsection.2.1}% 10
\BOOKMARK [3][-]{subsubsection.2.1.2}{\376\377\000S\000o\000l\000u\000t\000i\000o\000n\000:\000\040\000S\000p\000l\000i\000t\000\040\000L\000a\000y\000o\000u\000t}{subsection.2.1}% 11
\BOOKMARK [3][-]{subsubsection.2.1.3}{\376\377\000M\000e\000a\000s\000u\000r\000e\000d\000\040\000P\000e\000r\000f\000o\000r\000m\000a\000n\000c\000e}{subsection.2.1}% 12
\BOOKMARK [2][-]{subsection.2.2}{\376\377\000I\000n\000l\000i\000n\000e\000\040\000V\000a\000l\000i\000d\000i\000t\000y\000\040\000M\000a\000s\000k}{section.2}% 13
\BOOKMARK [3][-]{subsubsection.2.2.1}{\376\377\000P\000r\000o\000b\000l\000e\000m}{subsection.2.2}% 14
\BOOKMARK [3][-]{subsubsection.2.2.2}{\376\377\000S\000o\000l\000u\000t\000i\000o\000n}{subsection.2.2}% 15
\BOOKMARK [3][-]{subsubsection.2.2.3}{\376\377\000M\000e\000a\000s\000u\000r\000e\000d\000\040\000P\000e\000r\000f\000o\000r\000m\000a\000n\000c\000e}{subsection.2.2}% 16
\BOOKMARK [2][-]{subsection.2.3}{\376\377\000E\000x\000a\000c\000t\000\040\0004\000\040\000K\000i\000B\000\040\000A\000l\000l\000o\000c\000a\000t\000i\000o\000n}{section.2}% 17
\BOOKMARK [3][-]{subsubsection.2.3.1}{\376\377\000P\000r\000o\000b\000l\000e\000m}{subsection.2.3}% 18
\BOOKMARK [3][-]{subsubsection.2.3.2}{\376\377\000S\000o\000l\000u\000t\000i\000o\000n}{subsection.2.3}% 19
\BOOKMARK [3][-]{subsubsection.2.3.3}{\376\377\000M\000e\000a\000s\000u\000r\000e\000d\000\040\000P\000e\000r\000f\000o\000r\000m\000a\000n\000c\000e}{subsection.2.3}% 20
\BOOKMARK [2][-]{subsection.2.4}{\376\377\000I\000n\000l\000i\000n\000e\000\040\000L\000i\000v\000e\000n\000e\000s\000s\000\040\000M\000a\000s\000k\000\040\000f\000o\000r\000\040\000I\000n\000t\000e\000r\000n\000a\000l\000\040\000P\000a\000g\000e\000s}{section.2}% 21
\BOOKMARK [3][-]{subsubsection.2.4.1}{\376\377\000P\000r\000o\000b\000l\000e\000m}{subsection.2.4}% 22
\BOOKMARK [3][-]{subsubsection.2.4.2}{\376\377\000S\000o\000l\000u\000t\000i\000o\000n}{subsection.2.4}% 23
\BOOKMARK [3][-]{subsubsection.2.4.3}{\376\377\000M\000e\000a\000s\000u\000r\000e\000d\000\040\000P\000e\000r\000f\000o\000r\000m\000a\000n\000c\000e}{subsection.2.4}% 24
\BOOKMARK [2][-]{subsection.2.5}{\376\377\000P\000a\000y\000l\000o\000a\000d\000\040\000I\000n\000d\000i\000r\000e\000c\000t\000i\000o\000n\000\040\000S\000t\000r\000a\000t\000e\000g\000y}{section.2}% 25
\BOOKMARK [3][-]{subsubsection.2.5.1}{\376\377\000P\000r\000o\000b\000l\000e\000m}{subsection.2.5}% 26
\BOOKMARK [3][-]{subsubsection.2.5.2}{\376\377\000S\000o\000l\000u\000t\000i\000o\000n}{subsection.2.5}% 27
\BOOKMARK [3][-]{subsubsection.2.5.3}{\376\377\000M\000e\000a\000s\000u\000r\000e\000d\000\040\000P\000e\000r\000f\000o\000r\000m\000a\000n\000c\000e}{subsection.2.5}% 28
\BOOKMARK [2][-]{subsection.2.6}{\376\377\000T\000r\000a\000n\000s\000a\000c\000t\000i\000o\000n\000-\000L\000o\000c\000a\000l\000\040\000V\000e\000r\000s\000i\000o\000n\000\040\000R\000e\000u\000s\000e}{section.2}% 29
\BOOKMARK [3][-]{subsubsection.2.6.1}{\376\377\000P\000r\000o\000b\000l\000e\000m}{subsection.2.6}% 30
\BOOKMARK [3][-]{subsubsection.2.6.2}{\376\377\000S\000o\000l\000u\000t\000i\000o\000n}{subsection.2.6}% 31
\BOOKMARK [3][-]{subsubsection.2.6.3}{\376\377\000M\000e\000a\000s\000u\000r\000e\000d\000\040\000P\000e\000r\000f\000o\000r\000m\000a\000n\000c\000e}{subsection.2.6}% 32
\BOOKMARK [1][-]{section.3}{\376\377\000O\000p\000t\000i\000m\000i\000z\000a\000t\000i\000o\000n\000s\000:\000\040\000P\000r\000o\000b\000l\000e\000m\000,\000\040\000S\000o\000l\000u\000t\000i\000o\000n\000,\000\040\000M\000e\000a\000s\000u\000r\000e\000m\000e\000n\000t\000,\000\040\000A\000d\000o\000p\000t\000i\000o\000n}{}% 33
\BOOKMARK [2][-]{subsection.3.1}{\376\377\000W\000A\000L\000\040\000a\000n\000d\000\040\000V\000i\000s\000i\000b\000i\000l\000i\000t\000y\000\040\000P\000a\000t\000h\000\040\000O\000p\000t\000i\000m\000i\000z\000a\000t\000i\000o\000n\000s}{section.3}% 34
\BOOKMARK [3][-]{subsubsection.3.1.1}{\376\377\000O\000p\000t\000i\000m\000i\000z\000a\000t\000i\000o\000n\000\040\0001\000:\000\040\000T\000a\000r\000g\000e\000t\000-\000C\000P\000U\000\040\000N\000a\000t\000i\000v\000e\000\040\000C\000o\000d\000e\000\040\000G\000e\000n\000e\000r\000a\000t\000i\000o\000n}{subsection.3.1}% 35
\BOOKMARK [3][-]{subsubsection.3.1.2}{\376\377\000O\000p\000t\000i\000m\000i\000z\000a\000t\000i\000o\000n\000\040\0002\000:\000\040\000T\000a\000b\000l\000e\000-\000D\000r\000i\000v\000e\000n\000\040\000C\000R\000C\0003\0002}{subsection.3.1}% 36
\BOOKMARK [3][-]{subsubsection.3.1.3}{\376\377\000O\000p\000t\000i\000m\000i\000z\000a\000t\000i\000o\000n\000\040\0003\000:\000\040\000S\000h\000a\000r\000d\000e\000d\000\040\000W\000A\000L\000\040\000C\000h\000a\000n\000n\000e\000l\000s}{subsection.3.1}% 37
\BOOKMARK [3][-]{subsubsection.3.1.4}{\376\377\000O\000p\000t\000i\000m\000i\000z\000a\000t\000i\000o\000n\000\040\0004\000:\000\040\000R\000e\000m\000o\000v\000i\000n\000g\000\040\000F\000l\000u\000s\000h\000\040\000T\000i\000c\000k\000e\000t\000s}{subsection.3.1}% 38
\BOOKMARK [3][-]{subsubsection.3.1.5}{\376\377\000O\000p\000t\000i\000m\000i\000z\000a\000t\000i\000o\000n\000\040\0005\000:\000\040\000P\000a\000y\000l\000o\000a\000d\000-\000S\000i\000z\000e\000\040\000H\000i\000n\000t\000s\000\040\000f\000o\000r\000\040\000W\000A\000L\000\040\000E\000n\000c\000o\000d\000i\000n\000g}{subsection.3.1}% 39
\BOOKMARK [2][-]{subsection.3.2}{\376\377\000V\000i\000s\000i\000b\000i\000l\000i\000t\000y\000\040\000a\000n\000d\000\040\000R\000a\000n\000g\000e\000-\000S\000c\000a\000n\000\040\000O\000p\000t\000i\000m\000i\000z\000a\000t\000i\000o\000n\000s}{section.3}% 40
\BOOKMARK [3][-]{subsubsection.3.2.1}{\376\377\000O\000p\000t\000i\000m\000i\000z\000a\000t\000i\000o\000n\000\040\0006\000:\000\040\000R\000a\000n\000g\000e\000-\000S\000c\000a\000n\000\040\000F\000i\000l\000t\000e\000r\000\040\000R\000e\000o\000r\000d\000e\000r}{subsection.3.2}% 41
\BOOKMARK [3][-]{subsubsection.3.2.2}{\376\377\000O\000p\000t\000i\000m\000i\000z\000a\000t\000i\000o\000n\000\040\0007\000:\000\040\000R\000e\000m\000o\000v\000e\000\040\000V\000i\000s\000i\000b\000i\000l\000i\000t\000y\000\040\000C\000l\000o\000s\000u\000r\000e\000\040\000I\000n\000d\000i\000r\000e\000c\000t\000i\000o\000n}{subsection.3.2}% 42
\BOOKMARK [3][-]{subsubsection.3.2.3}{\376\377\000O\000p\000t\000i\000m\000i\000z\000a\000t\000i\000o\000n\000\040\0008\000:\000\040\000S\000p\000e\000c\000i\000a\000l\000i\000z\000e\000d\000\040\000F\000u\000l\000l\000-\000D\000o\000m\000a\000i\000n\000\040\000S\000c\000a\000n\000\040\000P\000a\000t\000h}{subsection.3.2}% 43
\BOOKMARK [2][-]{subsection.3.3}{\376\377\000R\000a\000n\000g\000e\000\040\000S\000c\000a\000n\000\040\000I\000t\000e\000r\000a\000t\000i\000o\000n\000\040\000a\000n\000d\000\040\000S\000t\000r\000e\000a\000m\000i\000n\000g}{section.3}% 44
\BOOKMARK [3][-]{subsubsection.3.3.1}{\376\377\000O\000p\000t\000i\000m\000i\000z\000a\000t\000i\000o\000n\000\040\0009\000:\000\040\000Z\000e\000r\000o\000-\000C\000o\000p\000y\000\040\000S\000t\000r\000e\000a\000m\000i\000n\000g\000\040\000R\000a\000n\000g\000e\000\040\000T\000e\000r\000m\000i\000n\000a\000l\000s}{subsection.3.3}% 45
\BOOKMARK [3][-]{subsubsection.3.3.2}{\376\377\000O\000p\000t\000i\000m\000i\000z\000a\000t\000i\000o\000n\000\040\0001\0000\000:\000\040\000O\000r\000d\000e\000r\000e\000d\000\040\000C\000u\000r\000s\000o\000r\000-\000B\000a\000s\000e\000d\000\040\000I\000n\000t\000e\000r\000n\000a\000l\000\040\000P\000a\000g\000e\000\040\000R\000o\000u\000t\000i\000n\000g}{subsection.3.3}% 46
\BOOKMARK [2][-]{subsection.3.4}{\376\377\000T\000r\000a\000n\000s\000a\000c\000t\000i\000o\000n\000\040\000S\000t\000a\000t\000e\000\040\000a\000n\000d\000\040\000A\000b\000o\000r\000t\000\040\000P\000a\000t\000h\000\040\000O\000p\000t\000i\000m\000i\000z\000a\000t\000i\000o\000n\000s}{section.3}% 47
\BOOKMARK [3][-]{subsubsection.3.4.1}{\376\377\000O\000p\000t\000i\000m\000i\000z\000a\000t\000i\000o\000n\000\040\0001\0001\000:\000\040\000I\000n\000l\000i\000n\000e\000\040\000W\000r\000i\000t\000e\000\040\000S\000e\000t\000\040\000a\000n\000d\000\040\000T\000r\000a\000n\000s\000a\000c\000t\000i\000o\000n\000\040\000C\000o\000n\000t\000e\000x\000t}{subsection.3.4}% 48
\BOOKMARK [3][-]{subsubsection.3.4.2}{\376\377\000O\000p\000t\000i\000m\000i\000z\000a\000t\000i\000o\000n\000\040\0001\0002\000:\000\040\000R\000e\000v\000e\000r\000s\000e\000-\000O\000r\000d\000e\000r\000\040\000B\000a\000t\000c\000h\000e\000d\000\040\000A\000b\000o\000r\000t}{subsection.3.4}% 49
\BOOKMARK [3][-]{subsubsection.3.4.3}{\376\377\000O\000p\000t\000i\000m\000i\000z\000a\000t\000i\000o\000n\000\040\0001\0003\000:\000\040\000E\000m\000p\000t\000y\000\040\000R\000e\000a\000d\000-\000O\000n\000l\000y\000\040\000C\000o\000m\000m\000i\000t\000\040\000E\000l\000i\000s\000i\000o\000n}{subsection.3.4}% 50
\BOOKMARK [2][-]{subsection.3.5}{\376\377\000G\000a\000r\000b\000a\000g\000e\000\040\000C\000o\000l\000l\000e\000c\000t\000i\000o\000n\000\040\000a\000n\000d\000\040\000A\000l\000l\000o\000c\000a\000t\000i\000o\000n\000\040\000S\000h\000a\000r\000d\000i\000n\000g}{section.3}% 51
\BOOKMARK [3][-]{subsubsection.3.5.1}{\376\377\000O\000p\000t\000i\000m\000i\000z\000a\000t\000i\000o\000n\000\040\0001\0004\000:\000\040\000S\000h\000a\000r\000d\000e\000d\000\040\000R\000e\000t\000i\000r\000e\000d\000-\000B\000l\000o\000c\000k\000\040\000R\000e\000u\000s\000e\000\040\000P\000o\000o\000l}{subsection.3.5}% 52
\BOOKMARK [3][-]{subsubsection.3.5.2}{\376\377\000O\000p\000t\000i\000m\000i\000z\000a\000t\000i\000o\000n\000\040\0001\0005\000:\000\040\000C\000o\000n\000s\000e\000r\000v\000a\000t\000i\000v\000e\000\040\000U\000p\000d\000a\000t\000e\000-\000I\000n\000-\000P\000l\000a\000c\000e}{subsection.3.5}% 53
\BOOKMARK [2][-]{subsection.3.6}{\376\377\000L\000e\000a\000f\000\040\000S\000i\000z\000i\000n\000g\000\040\000a\000n\000d\000\040\000S\000t\000r\000u\000c\000t\000u\000r\000a\000l\000\040\000M\000a\000i\000n\000t\000e\000n\000a\000n\000c\000e}{section.3}% 54
\BOOKMARK [3][-]{subsubsection.3.6.1}{\376\377\000O\000p\000t\000i\000m\000i\000z\000a\000t\000i\000o\000n\000\040\0001\0006\000:\000\040\000B\000i\000g\000-\000T\000r\000e\000e\000\040\000L\000e\000a\000f\000\040\000S\000i\000z\000e\000\040\000C\000l\000a\000s\000s\000e\000s\000\040\000f\000o\000r\000\040\000H\000o\000t\000\040\000T\000a\000b\000l\000e\000s}{subsection.3.6}% 55
\BOOKMARK [2][-]{subsection.3.7}{\376\377\000W\000o\000r\000k\000l\000o\000a\000d\000-\000S\000p\000e\000c\000i\000f\000i\000c\000\040\000a\000n\000d\000\040\000B\000e\000n\000c\000h\000m\000a\000r\000k\000\040\000H\000a\000r\000n\000e\000s\000s\000\040\000O\000p\000t\000i\000m\000i\000z\000a\000t\000i\000o\000n\000s}{section.3}% 56
\BOOKMARK [3][-]{subsubsection.3.7.1}{\376\377\000O\000p\000t\000i\000m\000i\000z\000a\000t\000i\000o\000n\000\040\0001\0007\000:\000\040\000Y\000C\000S\000B\000\040\000S\000i\000n\000g\000l\000e\000-\000F\000i\000e\000l\000d\000\040\000P\000a\000t\000c\000h}{subsection.3.7}% 57
\BOOKMARK [3][-]{subsubsection.3.7.2}{\376\377\000O\000p\000t\000i\000m\000i\000z\000a\000t\000i\000o\000n\000\040\0001\0008\000:\000\040\000Y\000C\000S\000B\000\040\000P\000o\000i\000n\000t\000-\000R\000e\000a\000d\000\040\000H\000i\000t\000/\000M\000i\000s\000s\000\040\000O\000n\000l\000y}{subsection.3.7}% 58
\BOOKMARK [3][-]{subsubsection.3.7.3}{\376\377\000O\000p\000t\000i\000m\000i\000z\000a\000t\000i\000o\000n\000\040\0001\0009\000:\000\040\000W\000a\000l\000k\000e\000r\000-\000A\000l\000i\000a\000s\000\040\000Z\000i\000p\000f\000\040\000S\000a\000m\000p\000l\000i\000n\000g}{subsection.3.7}% 59
\BOOKMARK [3][-]{subsubsection.3.7.4}{\376\377\000O\000p\000t\000i\000m\000i\000z\000a\000t\000i\000o\000n\000\040\0002\0000\000:\000\040\000A\000m\000o\000r\000t\000i\000z\000e\000d\000\040\000B\000e\000n\000c\000h\000m\000a\000r\000k\000\040\000C\000l\000o\000c\000k\000\040\000S\000a\000m\000p\000l\000i\000n\000g}{subsection.3.7}% 60
\BOOKMARK [3][-]{subsubsection.3.7.5}{\376\377\000O\000p\000t\000i\000m\000i\000z\000a\000t\000i\000o\000n\000\040\0002\0001\000:\000\040\000C\000o\000n\000f\000i\000g\000u\000r\000a\000b\000l\000e\000\040\000Y\000C\000S\000B\000\040\000E\000x\000e\000c\000u\000t\000i\000o\000n\000\040\000M\000o\000d\000e}{subsection.3.7}% 61
\BOOKMARK [1][-]{section.4}{\376\377\000S\000u\000m\000m\000a\000r\000y\000\040\000o\000f\000\040\000A\000r\000c\000h\000i\000t\000e\000c\000t\000u\000r\000a\000l\000\040\000D\000e\000c\000i\000s\000i\000o\000n\000s}{}% 62
\BOOKMARK [2][-]{subsection.4.1}{\376\377\000C\000o\000m\000b\000i\000n\000e\000d\000\040\000P\000e\000r\000f\000o\000r\000m\000a\000n\000c\000e\000\040\000I\000m\000p\000a\000c\000t\000\040\000A\000c\000r\000o\000s\000s\000\040\000W\000o\000r\000k\000l\000o\000a\000d\000s}{section.4}% 63
\BOOKMARK [2][-]{subsection.4.2}{\376\377\000O\000p\000t\000i\000m\000i\000z\000a\000t\000i\000o\000n\000\040\000C\000a\000t\000e\000g\000o\000r\000i\000e\000s}{section.4}% 64
\BOOKMARK [2][-]{subsection.4.3}{\376\377\000A\000d\000o\000p\000t\000i\000o\000n\000\040\000S\000u\000m\000m\000a\000r\000y}{section.4}% 65
\BOOKMARK [2][-]{subsection.4.4}{\376\377\000C\000o\000m\000b\000i\000n\000e\000d\000\040\000P\000e\000r\000f\000o\000r\000m\000a\000n\000c\000e\000\040\000I\000m\000p\000a\000c\000t}{section.4}% 66
\BOOKMARK [2][-]{subsection.4.5}{\376\377\000D\000e\000s\000i\000g\000n\000\040\000P\000r\000i\000n\000c\000i\000p\000l\000e\000s}{section.4}% 67
\BOOKMARK [1][-]{section.5}{\376\377\000O\000p\000e\000n\000\040\000I\000s\000s\000u\000e\000s\000\040\000a\000n\000d\000\040\000F\000u\000t\000u\000r\000e\000\040\000W\000o\000r\000k}{}% 68
\BOOKMARK [1][-]{section.6}{\376\377\000C\000o\000n\000c\000l\000u\000s\000i\000o\000n}{}% 69
